<testsuites id="" name="" tests="31" failures="31" skipped="0" errors="0" time="517.6186220000001">
<testsuite name="auth.spec.ts" timestamp="2026-01-14T09:40:04.810Z" hostname="Google Chrome" tests="5" failures="5" skipped="0" time="3.459" errors="0">
<testcase name="Autenticação › deve exibir página de login quando não autenticado" classname="auth.spec.ts" time="1.039">
<failure message="auth.spec.ts:8:7 deve exibir página de login quando não autenticado" type="FAILURE">
<![CDATA[  [Google Chrome] › auth.spec.ts:8:7 › Autenticação › deve exibir página de login quando não autenticado 

    Error: browserContext.newPage: Executable doesn't exist at /Users/brenoferreira/Library/Caches/ms-playwright/ffmpeg-1011/ffmpeg-mac
    ╔═════════════════════════════════════════════════════════════════════════╗
    ║ Looks like Playwright Test or Playwright was just installed or updated. ║
    ║ Please run the following command to download new browsers:              ║
    ║                                                                         ║
    ║     npx playwright install                                              ║
    ║                                                                         ║
    ║ <3 Playwright Team                                                      ║
    ╚═════════════════════════════════════════════════════════════════════════╝
]]>
</failure>
</testcase>
<testcase name="Autenticação › deve permitir navegação para página de registro" classname="auth.spec.ts" time="0.666">
<failure message="auth.spec.ts:14:7 deve permitir navegação para página de registro" type="FAILURE">
<![CDATA[  [Google Chrome] › auth.spec.ts:14:7 › Autenticação › deve permitir navegação para página de registro 

    Error: browserContext.newPage: Executable doesn't exist at /Users/brenoferreira/Library/Caches/ms-playwright/ffmpeg-1011/ffmpeg-mac
    ╔═════════════════════════════════════════════════════════════════════════╗
    ║ Looks like Playwright Test or Playwright was just installed or updated. ║
    ║ Please run the following command to download new browsers:              ║
    ║                                                                         ║
    ║     npx playwright install                                              ║
    ║                                                                         ║
    ║ <3 Playwright Team                                                      ║
    ╚═════════════════════════════════════════════════════════════════════════╝
]]>
</failure>
</testcase>
<testcase name="Autenticação › deve validar campos obrigatórios no formulário de login" classname="auth.spec.ts" time="0.665">
<failure message="auth.spec.ts:23:7 deve validar campos obrigatórios no formulário de login" type="FAILURE">
<![CDATA[  [Google Chrome] › auth.spec.ts:23:7 › Autenticação › deve validar campos obrigatórios no formulário de login 

    Error: browserContext.newPage: Executable doesn't exist at /Users/brenoferreira/Library/Caches/ms-playwright/ffmpeg-1011/ffmpeg-mac
    ╔═════════════════════════════════════════════════════════════════════════╗
    ║ Looks like Playwright Test or Playwright was just installed or updated. ║
    ║ Please run the following command to download new browsers:              ║
    ║                                                                         ║
    ║     npx playwright install                                              ║
    ║                                                                         ║
    ║ <3 Playwright Team                                                      ║
    ╚═════════════════════════════════════════════════════════════════════════╝
]]>
</failure>
</testcase>
<testcase name="Autenticação › deve redirecionar para dashboard após login bem-sucedido" classname="auth.spec.ts" time="0.556">
<failure message="auth.spec.ts:39:7 deve redirecionar para dashboard após login bem-sucedido" type="FAILURE">
<![CDATA[  [Google Chrome] › auth.spec.ts:39:7 › Autenticação › deve redirecionar para dashboard após login bem-sucedido 

    Error: browserContext.newPage: Executable doesn't exist at /Users/brenoferreira/Library/Caches/ms-playwright/ffmpeg-1011/ffmpeg-mac
    ╔═════════════════════════════════════════════════════════════════════════╗
    ║ Looks like Playwright Test or Playwright was just installed or updated. ║
    ║ Please run the following command to download new browsers:              ║
    ║                                                                         ║
    ║     npx playwright install                                              ║
    ║                                                                         ║
    ║ <3 Playwright Team                                                      ║
    ╚═════════════════════════════════════════════════════════════════════════╝
]]>
</failure>
</testcase>
<testcase name="Proteção de Rotas › deve proteger rotas privadas" classname="auth.spec.ts" time="0.533">
<failure message="auth.spec.ts:54:7 deve proteger rotas privadas" type="FAILURE">
<![CDATA[  [Google Chrome] › auth.spec.ts:54:7 › Proteção de Rotas › deve proteger rotas privadas ───────────

    Error: browserContext.newPage: Executable doesn't exist at /Users/brenoferreira/Library/Caches/ms-playwright/ffmpeg-1011/ffmpeg-mac
    ╔═════════════════════════════════════════════════════════════════════════╗
    ║ Looks like Playwright Test or Playwright was just installed or updated. ║
    ║ Please run the following command to download new browsers:              ║
    ║                                                                         ║
    ║     npx playwright install                                              ║
    ║                                                                         ║
    ║ <3 Playwright Team                                                      ║
    ╚═════════════════════════════════════════════════════════════════════════╝
]]>
</failure>
</testcase>
</testsuite>
<testsuite name="dashboard.spec.ts" timestamp="2026-01-14T09:40:04.810Z" hostname="Google Chrome" tests="12" failures="12" skipped="0" time="5.154" errors="0">
<testcase name="Dashboard E2E Tests › deve carregar dashboard corretamente após login" classname="dashboard.spec.ts" time="0.349">
<failure message="dashboard.spec.ts:51:7 deve carregar dashboard corretamente após login" type="FAILURE">
<![CDATA[  [Google Chrome] › dashboard.spec.ts:51:7 › Dashboard E2E Tests › deve carregar dashboard corretamente após login 

    Error: browserContext.newPage: Executable doesn't exist at /Users/brenoferreira/Library/Caches/ms-playwright/ffmpeg-1011/ffmpeg-mac
    ╔═════════════════════════════════════════════════════════════════════════╗
    ║ Looks like Playwright Test or Playwright was just installed or updated. ║
    ║ Please run the following command to download new browsers:              ║
    ║                                                                         ║
    ║     npx playwright install                                              ║
    ║                                                                         ║
    ║ <3 Playwright Team                                                      ║
    ╚═════════════════════════════════════════════════════════════════════════╝
]]>
</failure>
</testcase>
<testcase name="Dashboard E2E Tests › deve exibir estatísticas corretas" classname="dashboard.spec.ts" time="0.467">
<failure message="dashboard.spec.ts:61:7 deve exibir estatísticas corretas" type="FAILURE">
<![CDATA[  [Google Chrome] › dashboard.spec.ts:61:7 › Dashboard E2E Tests › deve exibir estatísticas corretas 

    Error: browserContext.newPage: Executable doesn't exist at /Users/brenoferreira/Library/Caches/ms-playwright/ffmpeg-1011/ffmpeg-mac
    ╔═════════════════════════════════════════════════════════════════════════╗
    ║ Looks like Playwright Test or Playwright was just installed or updated. ║
    ║ Please run the following command to download new browsers:              ║
    ║                                                                         ║
    ║     npx playwright install                                              ║
    ║                                                                         ║
    ║ <3 Playwright Team                                                      ║
    ╚═════════════════════════════════════════════════════════════════════════╝
]]>
</failure>
</testcase>
<testcase name="Dashboard E2E Tests › deve navegar entre diferentes seções" classname="dashboard.spec.ts" time="0.205">
<failure message="dashboard.spec.ts:72:7 deve navegar entre diferentes seções" type="FAILURE">
<![CDATA[  [Google Chrome] › dashboard.spec.ts:72:7 › Dashboard E2E Tests › deve navegar entre diferentes seções 

    Error: browserContext.newPage: Executable doesn't exist at /Users/brenoferreira/Library/Caches/ms-playwright/ffmpeg-1011/ffmpeg-mac
    ╔═════════════════════════════════════════════════════════════════════════╗
    ║ Looks like Playwright Test or Playwright was just installed or updated. ║
    ║ Please run the following command to download new browsers:              ║
    ║                                                                         ║
    ║     npx playwright install                                              ║
    ║                                                                         ║
    ║ <3 Playwright Team                                                      ║
    ╚═════════════════════════════════════════════════════════════════════════╝
]]>
</failure>
</testcase>
<testcase name="Dashboard E2E Tests › deve funcionar corretamente em dispositivos móveis" classname="dashboard.spec.ts" time="0.514">
<failure message="dashboard.spec.ts:92:7 deve funcionar corretamente em dispositivos móveis" type="FAILURE">
<![CDATA[  [Google Chrome] › dashboard.spec.ts:92:7 › Dashboard E2E Tests › deve funcionar corretamente em dispositivos móveis 

    Error: browserContext.newPage: Executable doesn't exist at /Users/brenoferreira/Library/Caches/ms-playwright/ffmpeg-1011/ffmpeg-mac
    ╔═════════════════════════════════════════════════════════════════════════╗
    ║ Looks like Playwright Test or Playwright was just installed or updated. ║
    ║ Please run the following command to download new browsers:              ║
    ║                                                                         ║
    ║     npx playwright install                                              ║
    ║                                                                         ║
    ║ <3 Playwright Team                                                      ║
    ╚═════════════════════════════════════════════════════════════════════════╝
]]>
</failure>
</testcase>
<testcase name="Dashboard E2E Tests › deve atualizar dados em tempo real" classname="dashboard.spec.ts" time="0.469">
<failure message="dashboard.spec.ts:112:7 deve atualizar dados em tempo real" type="FAILURE">
<![CDATA[  [Google Chrome] › dashboard.spec.ts:112:7 › Dashboard E2E Tests › deve atualizar dados em tempo real 

    Error: browserContext.newPage: Executable doesn't exist at /Users/brenoferreira/Library/Caches/ms-playwright/ffmpeg-1011/ffmpeg-mac
    ╔═════════════════════════════════════════════════════════════════════════╗
    ║ Looks like Playwright Test or Playwright was just installed or updated. ║
    ║ Please run the following command to download new browsers:              ║
    ║                                                                         ║
    ║     npx playwright install                                              ║
    ║                                                                         ║
    ║ <3 Playwright Team                                                      ║
    ╚═════════════════════════════════════════════════════════════════════════╝
]]>
</failure>
</testcase>
<testcase name="Dashboard E2E Tests › deve lidar com erros de API graciosamente" classname="dashboard.spec.ts" time="0.354">
<failure message="dashboard.spec.ts:139:7 deve lidar com erros de API graciosamente" type="FAILURE">
<![CDATA[  [Google Chrome] › dashboard.spec.ts:139:7 › Dashboard E2E Tests › deve lidar com erros de API graciosamente 

    Error: browserContext.newPage: Executable doesn't exist at /Users/brenoferreira/Library/Caches/ms-playwright/ffmpeg-1011/ffmpeg-mac
    ╔═════════════════════════════════════════════════════════════════════════╗
    ║ Looks like Playwright Test or Playwright was just installed or updated. ║
    ║ Please run the following command to download new browsers:              ║
    ║                                                                         ║
    ║     npx playwright install                                              ║
    ║                                                                         ║
    ║ <3 Playwright Team                                                      ║
    ╚═════════════════════════════════════════════════════════════════════════╝
]]>
</failure>
</testcase>
<testcase name="Dashboard E2E Tests › deve permitir filtrar dados por período" classname="dashboard.spec.ts" time="0.187">
<failure message="dashboard.spec.ts:159:7 deve permitir filtrar dados por período" type="FAILURE">
<![CDATA[  [Google Chrome] › dashboard.spec.ts:159:7 › Dashboard E2E Tests › deve permitir filtrar dados por período 

    Error: browserContext.newPage: Executable doesn't exist at /Users/brenoferreira/Library/Caches/ms-playwright/ffmpeg-1011/ffmpeg-mac
    ╔═════════════════════════════════════════════════════════════════════════╗
    ║ Looks like Playwright Test or Playwright was just installed or updated. ║
    ║ Please run the following command to download new browsers:              ║
    ║                                                                         ║
    ║     npx playwright install                                              ║
    ║                                                                         ║
    ║ <3 Playwright Team                                                      ║
    ╚═════════════════════════════════════════════════════════════════════════╝
]]>
</failure>
</testcase>
<testcase name="Dashboard E2E Tests › deve exportar dados corretamente" classname="dashboard.spec.ts" time="0.342">
<failure message="dashboard.spec.ts:175:7 deve exportar dados corretamente" type="FAILURE">
<![CDATA[  [Google Chrome] › dashboard.spec.ts:175:7 › Dashboard E2E Tests › deve exportar dados corretamente 

    Error: browserContext.newPage: Executable doesn't exist at /Users/brenoferreira/Library/Caches/ms-playwright/ffmpeg-1011/ffmpeg-mac
    ╔═════════════════════════════════════════════════════════════════════════╗
    ║ Looks like Playwright Test or Playwright was just installed or updated. ║
    ║ Please run the following command to download new browsers:              ║
    ║                                                                         ║
    ║     npx playwright install                                              ║
    ║                                                                         ║
    ║ <3 Playwright Team                                                      ║
    ╚═════════════════════════════════════════════════════════════════════════╝
]]>
</failure>
</testcase>
<testcase name="Dashboard E2E Tests › deve manter estado durante navegação" classname="dashboard.spec.ts" time="0.513">
<failure message="dashboard.spec.ts:190:7 deve manter estado durante navegação" type="FAILURE">
<![CDATA[  [Google Chrome] › dashboard.spec.ts:190:7 › Dashboard E2E Tests › deve manter estado durante navegação 

    Error: browserContext.newPage: Executable doesn't exist at /Users/brenoferreira/Library/Caches/ms-playwright/ffmpeg-1011/ffmpeg-mac
    ╔═════════════════════════════════════════════════════════════════════════╗
    ║ Looks like Playwright Test or Playwright was just installed or updated. ║
    ║ Please run the following command to download new browsers:              ║
    ║                                                                         ║
    ║     npx playwright install                                              ║
    ║                                                                         ║
    ║ <3 Playwright Team                                                      ║
    ╚═════════════════════════════════════════════════════════════════════════╝
]]>
</failure>
</testcase>
<testcase name="Dashboard E2E Tests › deve funcionar com teclado (acessibilidade)" classname="dashboard.spec.ts" time="0.45">
<failure message="dashboard.spec.ts:210:7 deve funcionar com teclado (acessibilidade)" type="FAILURE">
<![CDATA[  [Google Chrome] › dashboard.spec.ts:210:7 › Dashboard E2E Tests › deve funcionar com teclado (acessibilidade) 

    Error: browserContext.newPage: Executable doesn't exist at /Users/brenoferreira/Library/Caches/ms-playwright/ffmpeg-1011/ffmpeg-mac
    ╔═════════════════════════════════════════════════════════════════════════╗
    ║ Looks like Playwright Test or Playwright was just installed or updated. ║
    ║ Please run the following command to download new browsers:              ║
    ║                                                                         ║
    ║     npx playwright install                                              ║
    ║                                                                         ║
    ║ <3 Playwright Team                                                      ║
    ╚═════════════════════════════════════════════════════════════════════════╝
]]>
</failure>
</testcase>
<testcase name="Dashboard E2E Tests › deve ter performance adequada" classname="dashboard.spec.ts" time="0.635">
<failure message="dashboard.spec.ts:226:7 deve ter performance adequada" type="FAILURE">
<![CDATA[  [Google Chrome] › dashboard.spec.ts:226:7 › Dashboard E2E Tests › deve ter performance adequada ──

    Error: browserContext.newPage: Executable doesn't exist at /Users/brenoferreira/Library/Caches/ms-playwright/ffmpeg-1011/ffmpeg-mac
    ╔═════════════════════════════════════════════════════════════════════════╗
    ║ Looks like Playwright Test or Playwright was just installed or updated. ║
    ║ Please run the following command to download new browsers:              ║
    ║                                                                         ║
    ║     npx playwright install                                              ║
    ║                                                                         ║
    ║ <3 Playwright Team                                                      ║
    ╚═════════════════════════════════════════════════════════════════════════╝
]]>
</failure>
</testcase>
<testcase name="Dashboard E2E Tests › deve funcionar offline (PWA)" classname="dashboard.spec.ts" time="0.669">
<failure message="dashboard.spec.ts:265:7 deve funcionar offline (PWA)" type="FAILURE">
<![CDATA[  [Google Chrome] › dashboard.spec.ts:265:7 › Dashboard E2E Tests › deve funcionar offline (PWA) ───

    Error: browserContext.newPage: Executable doesn't exist at /Users/brenoferreira/Library/Caches/ms-playwright/ffmpeg-1011/ffmpeg-mac
    ╔═════════════════════════════════════════════════════════════════════════╗
    ║ Looks like Playwright Test or Playwright was just installed or updated. ║
    ║ Please run the following command to download new browsers:              ║
    ║                                                                         ║
    ║     npx playwright install                                              ║
    ║                                                                         ║
    ║ <3 Playwright Team                                                      ║
    ╚═════════════════════════════════════════════════════════════════════════╝
]]>
</failure>
</testcase>
</testsuite>
<testsuite name="ml-features.spec.ts" timestamp="2026-01-14T09:40:04.810Z" hostname="Google Chrome" tests="6" failures="6" skipped="0" time="504.791" errors="0">
<testcase name="Funcionalidades de Machine Learning › deve carregar dashboard de ML sem erros" classname="ml-features.spec.ts" time="0.625">
<failure message="ml-features.spec.ts:10:7 deve carregar dashboard de ML sem erros" type="FAILURE">
<![CDATA[  [Google Chrome] › ml-features.spec.ts:10:7 › Funcionalidades de Machine Learning › deve carregar dashboard de ML sem erros 

    Error: browserContext.newPage: Executable doesn't exist at /Users/brenoferreira/Library/Caches/ms-playwright/ffmpeg-1011/ffmpeg-mac
    ╔═════════════════════════════════════════════════════════════════════════╗
    ║ Looks like Playwright Test or Playwright was just installed or updated. ║
    ║ Please run the following command to download new browsers:              ║
    ║                                                                         ║
    ║     npx playwright install                                              ║
    ║                                                                         ║
    ║ <3 Playwright Team                                                      ║
    ╚═════════════════════════════════════════════════════════════════════════╝
]]>
</failure>
</testcase>
<testcase name="Funcionalidades de Machine Learning › deve exibir componentes de predição ML" classname="ml-features.spec.ts" time="0.607">
<failure message="ml-features.spec.ts:34:7 deve exibir componentes de predição ML" type="FAILURE">
<![CDATA[  [Google Chrome] › ml-features.spec.ts:34:7 › Funcionalidades de Machine Learning › deve exibir componentes de predição ML 

    Error: browserContext.newPage: Executable doesn't exist at /Users/brenoferreira/Library/Caches/ms-playwright/ffmpeg-1011/ffmpeg-mac
    ╔═════════════════════════════════════════════════════════════════════════╗
    ║ Looks like Playwright Test or Playwright was just installed or updated. ║
    ║ Please run the following command to download new browsers:              ║
    ║                                                                         ║
    ║     npx playwright install                                              ║
    ║                                                                         ║
    ║ <3 Playwright Team                                                      ║
    ╚═════════════════════════════════════════════════════════════════════════╝
]]>
</failure>
</testcase>
<testcase name="Funcionalidades de Machine Learning › deve fazer requisições para API de ML" classname="ml-features.spec.ts" time="0.627">
<failure message="ml-features.spec.ts:61:7 deve fazer requisições para API de ML" type="FAILURE">
<![CDATA[  [Google Chrome] › ml-features.spec.ts:61:7 › Funcionalidades de Machine Learning › deve fazer requisições para API de ML 

    Error: browserContext.newPage: Executable doesn't exist at /Users/brenoferreira/Library/Caches/ms-playwright/ffmpeg-1011/ffmpeg-mac
    ╔═════════════════════════════════════════════════════════════════════════╗
    ║ Looks like Playwright Test or Playwright was just installed or updated. ║
    ║ Please run the following command to download new browsers:              ║
    ║                                                                         ║
    ║     npx playwright install                                              ║
    ║                                                                         ║
    ║ <3 Playwright Team                                                      ║
    ╚═════════════════════════════════════════════════════════════════════════╝
]]>
</failure>
</testcase>
<testcase name="Funcionalidades de Machine Learning › deve responder a interações do usuário" classname="ml-features.spec.ts" time="0.659">
<failure message="ml-features.spec.ts:92:7 deve responder a interações do usuário" type="FAILURE">
<![CDATA[  [Google Chrome] › ml-features.spec.ts:92:7 › Funcionalidades de Machine Learning › deve responder a interações do usuário 

    Error: browserContext.newPage: Executable doesn't exist at /Users/brenoferreira/Library/Caches/ms-playwright/ffmpeg-1011/ffmpeg-mac
    ╔═════════════════════════════════════════════════════════════════════════╗
    ║ Looks like Playwright Test or Playwright was just installed or updated. ║
    ║ Please run the following command to download new browsers:              ║
    ║                                                                         ║
    ║     npx playwright install                                              ║
    ║                                                                         ║
    ║ <3 Playwright Team                                                      ║
    ╚═════════════════════════════════════════════════════════════════════════╝
]]>
</failure>
</testcase>
<testcase name="API Endpoints › deve responder corretamente aos endpoints de ML" classname="ml-features.spec.ts" time="0.581">
<failure message="ml-features.spec.ts:129:7 deve responder corretamente aos endpoints de ML" type="FAILURE">
<![CDATA[  [Google Chrome] › ml-features.spec.ts:129:7 › API Endpoints › deve responder corretamente aos endpoints de ML 

    Error: browserContext.newPage: Executable doesn't exist at /Users/brenoferreira/Library/Caches/ms-playwright/ffmpeg-1011/ffmpeg-mac
    ╔═════════════════════════════════════════════════════════════════════════╗
    ║ Looks like Playwright Test or Playwright was just installed or updated. ║
    ║ Please run the following command to download new browsers:              ║
    ║                                                                         ║
    ║     npx playwright install                                              ║
    ║                                                                         ║
    ║ <3 Playwright Team                                                      ║
    ╚═════════════════════════════════════════════════════════════════════════╝
]]>
</failure>
</testcase>
<testcase name="API Endpoints › deve lidar com erros de rede graciosamente" classname="ml-features.spec.ts" time="501.692">
<failure message="ml-features.spec.ts:155:7 deve lidar com erros de rede graciosamente" type="FAILURE">
<![CDATA[  [Google Chrome] › ml-features.spec.ts:155:7 › API Endpoints › deve lidar com erros de rede graciosamente 

    Error: browserContext.newPage: Executable doesn't exist at /Users/brenoferreira/Library/Caches/ms-playwright/ffmpeg-1011/ffmpeg-mac
    ╔═════════════════════════════════════════════════════════════════════════╗
    ║ Looks like Playwright Test or Playwright was just installed or updated. ║
    ║ Please run the following command to download new browsers:              ║
    ║                                                                         ║
    ║     npx playwright install                                              ║
    ║                                                                         ║
    ║ <3 Playwright Team                                                      ║
    ╚═════════════════════════════════════════════════════════════════════════╝

    Tearing down "context" exceeded the test timeout of 30000ms.
]]>
</failure>
</testcase>
</testsuite>
<testsuite name="ui-navigation.spec.ts" timestamp="2026-01-14T09:40:04.810Z" hostname="Google Chrome" tests="8" failures="8" skipped="0" time="3.596" errors="0">
<testcase name="Interface do Usuário e Navegação › deve carregar página inicial sem erros" classname="ui-navigation.spec.ts" time="0.444">
<failure message="ui-navigation.spec.ts:9:7 deve carregar página inicial sem erros" type="FAILURE">
<![CDATA[  [Google Chrome] › ui-navigation.spec.ts:9:7 › Interface do Usuário e Navegação › deve carregar página inicial sem erros 

    Error: browserContext.newPage: Executable doesn't exist at /Users/brenoferreira/Library/Caches/ms-playwright/ffmpeg-1011/ffmpeg-mac
    ╔═════════════════════════════════════════════════════════════════════════╗
    ║ Looks like Playwright Test or Playwright was just installed or updated. ║
    ║ Please run the following command to download new browsers:              ║
    ║                                                                         ║
    ║     npx playwright install                                              ║
    ║                                                                         ║
    ║ <3 Playwright Team                                                      ║
    ╚═════════════════════════════════════════════════════════════════════════╝
]]>
</failure>
</testcase>
<testcase name="Interface do Usuário e Navegação › deve ter navegação responsiva" classname="ui-navigation.spec.ts" time="0.327">
<failure message="ui-navigation.spec.ts:34:7 deve ter navegação responsiva" type="FAILURE">
<![CDATA[  [Google Chrome] › ui-navigation.spec.ts:34:7 › Interface do Usuário e Navegação › deve ter navegação responsiva 

    Error: browserContext.newPage: Executable doesn't exist at /Users/brenoferreira/Library/Caches/ms-playwright/ffmpeg-1011/ffmpeg-mac
    ╔═════════════════════════════════════════════════════════════════════════╗
    ║ Looks like Playwright Test or Playwright was just installed or updated. ║
    ║ Please run the following command to download new browsers:              ║
    ║                                                                         ║
    ║     npx playwright install                                              ║
    ║                                                                         ║
    ║ <3 Playwright Team                                                      ║
    ╚═════════════════════════════════════════════════════════════════════════╝
]]>
</failure>
</testcase>
<testcase name="Interface do Usuário e Navegação › deve navegar entre páginas principais" classname="ui-navigation.spec.ts" time="0.342">
<failure message="ui-navigation.spec.ts:64:7 deve navegar entre páginas principais" type="FAILURE">
<![CDATA[  [Google Chrome] › ui-navigation.spec.ts:64:7 › Interface do Usuário e Navegação › deve navegar entre páginas principais 

    Error: browserContext.newPage: Executable doesn't exist at /Users/brenoferreira/Library/Caches/ms-playwright/ffmpeg-1011/ffmpeg-mac
    ╔═════════════════════════════════════════════════════════════════════════╗
    ║ Looks like Playwright Test or Playwright was just installed or updated. ║
    ║ Please run the following command to download new browsers:              ║
    ║                                                                         ║
    ║     npx playwright install                                              ║
    ║                                                                         ║
    ║ <3 Playwright Team                                                      ║
    ╚═════════════════════════════════════════════════════════════════════════╝
]]>
</failure>
</testcase>
<testcase name="Interface do Usuário e Navegação › deve ter elementos de acessibilidade" classname="ui-navigation.spec.ts" time="0.294">
<failure message="ui-navigation.spec.ts:85:7 deve ter elementos de acessibilidade" type="FAILURE">
<![CDATA[  [Google Chrome] › ui-navigation.spec.ts:85:7 › Interface do Usuário e Navegação › deve ter elementos de acessibilidade 

    Error: browserContext.newPage: Executable doesn't exist at /Users/brenoferreira/Library/Caches/ms-playwright/ffmpeg-1011/ffmpeg-mac
    ╔═════════════════════════════════════════════════════════════════════════╗
    ║ Looks like Playwright Test or Playwright was just installed or updated. ║
    ║ Please run the following command to download new browsers:              ║
    ║                                                                         ║
    ║     npx playwright install                                              ║
    ║                                                                         ║
    ║ <3 Playwright Team                                                      ║
    ╚═════════════════════════════════════════════════════════════════════════╝
]]>
</failure>
</testcase>
<testcase name="Interface do Usuário e Navegação › deve ter performance adequada" classname="ui-navigation.spec.ts" time="0.607">
<failure message="ui-navigation.spec.ts:110:7 deve ter performance adequada" type="FAILURE">
<![CDATA[  [Google Chrome] › ui-navigation.spec.ts:110:7 › Interface do Usuário e Navegação › deve ter performance adequada 

    Error: browserContext.newPage: Executable doesn't exist at /Users/brenoferreira/Library/Caches/ms-playwright/ffmpeg-1011/ffmpeg-mac
    ╔═════════════════════════════════════════════════════════════════════════╗
    ║ Looks like Playwright Test or Playwright was just installed or updated. ║
    ║ Please run the following command to download new browsers:              ║
    ║                                                                         ║
    ║     npx playwright install                                              ║
    ║                                                                         ║
    ║ <3 Playwright Team                                                      ║
    ╚═════════════════════════════════════════════════════════════════════════╝
]]>
</failure>
</testcase>
<testcase name="Interface do Usuário e Navegação › deve lidar com estados de carregamento" classname="ui-navigation.spec.ts" time="0.704">
<failure message="ui-navigation.spec.ts:128:7 deve lidar com estados de carregamento" type="FAILURE">
<![CDATA[  [Google Chrome] › ui-navigation.spec.ts:128:7 › Interface do Usuário e Navegação › deve lidar com estados de carregamento 

    Error: browserContext.newPage: Executable doesn't exist at /Users/brenoferreira/Library/Caches/ms-playwright/ffmpeg-1011/ffmpeg-mac
    ╔═════════════════════════════════════════════════════════════════════════╗
    ║ Looks like Playwright Test or Playwright was just installed or updated. ║
    ║ Please run the following command to download new browsers:              ║
    ║                                                                         ║
    ║     npx playwright install                                              ║
    ║                                                                         ║
    ║ <3 Playwright Team                                                      ║
    ╚═════════════════════════════════════════════════════════════════════════╝
]]>
</failure>
</testcase>
<testcase name="Interações do Usuário › deve responder a cliques em botões" classname="ui-navigation.spec.ts" time="0.47">
<failure message="ui-navigation.spec.ts:170:7 deve responder a cliques em botões" type="FAILURE">
<![CDATA[  [Google Chrome] › ui-navigation.spec.ts:170:7 › Interações do Usuário › deve responder a cliques em botões 

    Error: browserContext.newPage: Executable doesn't exist at /Users/brenoferreira/Library/Caches/ms-playwright/ffmpeg-1011/ffmpeg-mac
    ╔═════════════════════════════════════════════════════════════════════════╗
    ║ Looks like Playwright Test or Playwright was just installed or updated. ║
    ║ Please run the following command to download new browsers:              ║
    ║                                                                         ║
    ║     npx playwright install                                              ║
    ║                                                                         ║
    ║ <3 Playwright Team                                                      ║
    ╚═════════════════════════════════════════════════════════════════════════╝
]]>
</failure>
</testcase>
<testcase name="Interações do Usuário › deve validar formulários" classname="ui-navigation.spec.ts" time="0.408">
<failure message="ui-navigation.spec.ts:197:7 deve validar formulários" type="FAILURE">
<![CDATA[  [Google Chrome] › ui-navigation.spec.ts:197:7 › Interações do Usuário › deve validar formulários ─

    Error: browserContext.newPage: Executable doesn't exist at /Users/brenoferreira/Library/Caches/ms-playwright/ffmpeg-1011/ffmpeg-mac
    ╔═════════════════════════════════════════════════════════════════════════╗
    ║ Looks like Playwright Test or Playwright was just installed or updated. ║
    ║ Please run the following command to download new browsers:              ║
    ║                                                                         ║
    ║     npx playwright install                                              ║
    ║                                                                         ║
    ║ <3 Playwright Team                                                      ║
    ╚═════════════════════════════════════════════════════════════════════════╝
]]>
</failure>
</testcase>
</testsuite>
</testsuites>